// Jest Snapshot v1, https://goo.gl/fbAQLP

exports[`API exports API 1`] = `
Array [
  "createJsonEditor",
  "createFunctionModuleEditor",
  "createModuleEditor",
  "MakefileEditor",
  "Scaffolder",
  "CommandError",
  "Debug",
  "Description",
  "ErrorMessage",
  "ErrorBoundary",
  "SubCommandSelect",
  "SubCommandMultiSelect",
  "UnderConstruction",
  "Warning",
  "OfflineWarning",
  "Status",
  "WarningAndErrorsHeader",
  "Task",
  "Tasks",
  "TaskListTitle",
  "TaskList",
  "populateQueue",
  "isUniqueTask",
  "isValidTask",
  "withOptions",
  "choose",
  "getElapsedTime",
  "getElapsedSeconds",
  "getIntendedInput",
  "getProjectName",
  "debug",
  "getVersions",
  "showVersion",
  "install",
  "uninstall",
  "BabelConfigModuleEditor",
  "EslintConfigModuleEditor",
  "PackageJsonEditor",
  "BsConfigJsonEditor",
  "PostcssConfigEditor",
  "PurgecssConfigEditor",
  "RollupConfigEditor",
  "WebpackConfigEditor",
  "dict",
  "parse",
  "maybeApply",
  "getBinDirectory",
  "format",
  "someDoExist",
  "someDoExistSync",
  "allDoExist",
  "allDoExistSync",
  "allDoNotExist",
  "allDoNotExistSync",
]
`;
