// Jest Snapshot v1, https://goo.gl/fbAQLP

exports[`Makefile Add support (create empty Makefile) 1`] = `"# Makefile built with tomo"`;

exports[`Makefile Add support (import tasks from package.json) 1`] = `
"# Makefile built from /path/to/package.json

build-es: ## Task description
	del-cli output/assets
	webpack
	$(MAKE) copy

watch-es: ## Task description
	watch 'make build-es' ./source

lint: ## Task description
	eslint . -c ./.eslintrc.js --ext .js,.jsx --fix

lint-ing: ## Task description
	watch 'make lint' ./source

lint-tests: ## Task description
	eslint __tests__/**/*.js -c ./.eslintrc.js --fix --no-ignore

build-css: ## Task description
	postcss ./assets/css/style.css --dir ./output

watch-css: ## Task description
	postcss ./assets/css/style.css --dir ./output --watch

test: ## Task description
	jest .*.test.js --coverage

test-ing: ## Task description
	jest .*.test.js --coverage --watchAll

deploy: ## Task description
	npm-run-all clean \\"build:es -- --mode=production\\" build:css
	echo \\"Not yet implemented - now.sh or surge.sh are supported out of the box\\" && exit 1

clean: ## Task description
	del-cli ./output

copy: ## Task description
	npm-run-all --parallel copy:assets copy:index

copy-assets: ## Task description
	cpy \\"./assets/!(css)/**/*.*\\" \\"./assets/**/[.]*\\" ./output --parents --recursive

copy-index: ## Task description
	cpy \\"./assets/index.html\\" ./output

watch-assets: ## Task description
	watch 'make copy' ./assets

dashboard: ## Task description
	webpack-dashboard -- webpack-dev-server --config ./webpack.config.js

dev: ## Task description
	stmux [ 'make dashboard' : 'make lint-ing' ]

start: ## Task description
	$(MAKE) build-es
	npm-run-all --parallel watch:es watch:css serve

serve: ## Task description
	browser-sync start --server ./output --files ./output --port 4669

help: ## Show this help
	@fgrep -h \\"##\\" $(MAKEFILE_LIST) | fgrep -v fgrep | sed -e 's/\\\\$$//' | sed -e 's/##/\\\\n    /'"
`;
